// Vitest Snapshot v1, https://vitest.dev/guide/snapshot.html

exports[`CopyButton > should render 1`] = `
<button
  aria-label="test"
  aria-pressed="false"
  class="inline-flex items-center justify-center gap-2 whitespace-nowrap rounded-md text-sm font-medium transition-all disabled:pointer-events-none disabled:opacity-50 [&_svg]:pointer-events-none [&_svg:not([class*='size-'])]:size-4 shrink-0 [&_svg]:shrink-0 outline-none focus-visible:border-ring focus-visible:ring-ring/50 focus-visible:ring-[3px] aria-invalid:ring-status-error/20 dark:aria-invalid:ring-status-error/40 aria-invalid:border-status-error cursor-pointer hover:bg-accent hover:text-accent-foreground dark:hover:bg-accent/50 has-[>svg]:px-3 text-bvnk-primary h-[22px] p-0"
  data-slot="button"
  data-testid="copy-button-test"
>
  Copy
</button>
`;
